[0.016s] Invoking command in '/home/dimi/robot_ws/src/home_robot/build/home_robot': CMAKE_PREFIX_PATH=${CMAKE_PREFIX_PATH}:/home/dimi/robot_ws/install/easy_handeye2:/opt/ros/jazzy /usr/bin/cmake --build /home/dimi/robot_ws/src/home_robot/build/home_robot -- -j16 -l16
[0.088s] Built target ament_cmake_python_symlink_home_robot
[0.360s] running egg_info
[0.478s] writing home_robot.egg-info/PKG-INFO
[0.478s] writing dependency_links to home_robot.egg-info/dependency_links.txt
[0.479s] writing top-level names to home_robot.egg-info/top_level.txt
[0.550s] reading manifest file 'home_robot.egg-info/SOURCES.txt'
[0.552s] writing manifest file 'home_robot.egg-info/SOURCES.txt'
[0.604s] Built target ament_cmake_python_build_home_robot_egg
[0.620s] Invoked command in '/home/dimi/robot_ws/src/home_robot/build/home_robot' returned '0': CMAKE_PREFIX_PATH=${CMAKE_PREFIX_PATH}:/home/dimi/robot_ws/install/easy_handeye2:/opt/ros/jazzy /usr/bin/cmake --build /home/dimi/robot_ws/src/home_robot/build/home_robot -- -j16 -l16
[0.636s] Invoking command in '/home/dimi/robot_ws/src/home_robot/build/home_robot': CMAKE_PREFIX_PATH=${CMAKE_PREFIX_PATH}:/home/dimi/robot_ws/install/easy_handeye2:/opt/ros/jazzy /usr/bin/cmake --install /home/dimi/robot_ws/src/home_robot/build/home_robot
[0.645s] -- Install configuration: ""
[0.645s] -- Execute custom install script
[0.645s] -- Up-to-date symlink: /home/dimi/robot_ws/src/home_robot/install/home_robot/share/home_robot/environment/pythonpath.sh
[0.647s] -- Up-to-date symlink: /home/dimi/robot_ws/src/home_robot/install/home_robot/share/home_robot/environment/pythonpath.dsv
[0.647s] -- Up-to-date symlink: /home/dimi/robot_ws/src/home_robot/install/home_robot/lib/python3.12/site-packages/home_robot-0.1.0-py3.12.egg-info/PKG-INFO
[0.647s] -- Up-to-date symlink: /home/dimi/robot_ws/src/home_robot/install/home_robot/lib/python3.12/site-packages/home_robot-0.1.0-py3.12.egg-info/SOURCES.txt
[0.647s] -- Up-to-date symlink: /home/dimi/robot_ws/src/home_robot/install/home_robot/lib/python3.12/site-packages/home_robot-0.1.0-py3.12.egg-info/dependency_links.txt
[0.647s] -- Up-to-date symlink: /home/dimi/robot_ws/src/home_robot/install/home_robot/lib/python3.12/site-packages/home_robot-0.1.0-py3.12.egg-info/top_level.txt
[0.650s] -- Up-to-date symlink: /home/dimi/robot_ws/src/home_robot/install/home_robot/lib/python3.12/site-packages/home_robot/__init__.py
[0.650s] -- Up-to-date symlink: /home/dimi/robot_ws/src/home_robot/install/home_robot/lib/python3.12/site-packages/home_robot/acoustic_map.py
[0.650s] -- Up-to-date symlink: /home/dimi/robot_ws/src/home_robot/install/home_robot/lib/python3.12/site-packages/home_robot/api_keys.py
[0.650s] -- Up-to-date symlink: /home/dimi/robot_ws/src/home_robot/install/home_robot/lib/python3.12/site-packages/home_robot/arm_motion.py
[0.650s] -- Up-to-date symlink: /home/dimi/robot_ws/src/home_robot/install/home_robot/lib/python3.12/site-packages/home_robot/arm_settings.py
[0.650s] -- Up-to-date symlink: /home/dimi/robot_ws/src/home_robot/install/home_robot/lib/python3.12/site-packages/home_robot/collision_skirt.py
[0.650s] -- Up-to-date symlink: /home/dimi/robot_ws/src/home_robot/install/home_robot/lib/python3.12/site-packages/home_robot/compass.py
[0.650s] -- Up-to-date symlink: /home/dimi/robot_ws/src/home_robot/install/home_robot/lib/python3.12/site-packages/home_robot/dashboard_i18n.py
[0.651s] -- Up-to-date symlink: /home/dimi/robot_ws/src/home_robot/install/home_robot/lib/python3.12/site-packages/home_robot/desktop.py
[0.651s] -- Up-to-date symlink: /home/dimi/robot_ws/src/home_robot/install/home_robot/lib/python3.12/site-packages/home_robot/diagnostics.py
[0.651s] -- Up-to-date symlink: /home/dimi/robot_ws/src/home_robot/install/home_robot/lib/python3.12/site-packages/home_robot/dock_geometry.py
[0.651s] -- Up-to-date symlink: /home/dimi/robot_ws/src/home_robot/install/home_robot/lib/python3.12/site-packages/home_robot/echo.py
[0.651s] -- Up-to-date symlink: /home/dimi/robot_ws/src/home_robot/install/home_robot/lib/python3.12/site-packages/home_robot/episodic.py
[0.651s] -- Up-to-date symlink: /home/dimi/robot_ws/src/home_robot/install/home_robot/lib/python3.12/site-packages/home_robot/face_identity.py
[0.651s] -- Up-to-date symlink: /home/dimi/robot_ws/src/home_robot/install/home_robot/lib/python3.12/site-packages/home_robot/fall_detect.py
[0.651s] -- Up-to-date symlink: /home/dimi/robot_ws/src/home_robot/install/home_robot/lib/python3.12/site-packages/home_robot/fetch_planner.py
[0.651s] -- Up-to-date symlink: /home/dimi/robot_ws/src/home_robot/install/home_robot/lib/python3.12/site-packages/home_robot/gesture.py
[0.651s] -- Up-to-date symlink: /home/dimi/robot_ws/src/home_robot/install/home_robot/lib/python3.12/site-packages/home_robot/gesture_bindings.py
[0.651s] -- Up-to-date symlink: /home/dimi/robot_ws/src/home_robot/install/home_robot/lib/python3.12/site-packages/home_robot/gesture_vocab.py
[0.651s] -- Up-to-date symlink: /home/dimi/robot_ws/src/home_robot/install/home_robot/lib/python3.12/site-packages/home_robot/grasp_geometry.py
[0.651s] -- Up-to-date symlink: /home/dimi/robot_ws/src/home_robot/install/home_robot/lib/python3.12/site-packages/home_robot/hand_gestures.py
[0.651s] -- Up-to-date symlink: /home/dimi/robot_ws/src/home_robot/install/home_robot/lib/python3.12/site-packages/home_robot/ir_homing.py
[0.651s] -- Up-to-date symlink: /home/dimi/robot_ws/src/home_robot/install/home_robot/lib/python3.12/site-packages/home_robot/joy_cmd_gate.py
[0.651s] -- Up-to-date symlink: /home/dimi/robot_ws/src/home_robot/install/home_robot/lib/python3.12/site-packages/home_robot/keepout_files.py
[0.652s] -- Up-to-date symlink: /home/dimi/robot_ws/src/home_robot/install/home_robot/lib/python3.12/site-packages/home_robot/keepout_toggle.py
[0.652s] -- Up-to-date symlink: /home/dimi/robot_ws/src/home_robot/install/home_robot/lib/python3.12/site-packages/home_robot/llm_quota.py
[0.652s] -- Up-to-date symlink: /home/dimi/robot_ws/src/home_robot/install/home_robot/lib/python3.12/site-packages/home_robot/map_straighten.py
[0.652s] -- Up-to-date symlink: /home/dimi/robot_ws/src/home_robot/install/home_robot/lib/python3.12/site-packages/home_robot/map_walls3d.py
[0.652s] -- Up-to-date symlink: /home/dimi/robot_ws/src/home_robot/install/home_robot/lib/python3.12/site-packages/home_robot/mic_settings.py
[0.652s] -- Up-to-date symlink: /home/dimi/robot_ws/src/home_robot/install/home_robot/lib/python3.12/site-packages/home_robot/motion_confirm.py
[0.652s] -- Up-to-date symlink: /home/dimi/robot_ws/src/home_robot/install/home_robot/lib/python3.12/site-packages/home_robot/nerf.py
[0.652s] -- Up-to-date symlink: /home/dimi/robot_ws/src/home_robot/install/home_robot/lib/python3.12/site-packages/home_robot/nodes/acoustic_map_node.py
[0.652s] -- Up-to-date symlink: /home/dimi/robot_ws/src/home_robot/install/home_robot/lib/python3.12/site-packages/home_robot/nodes/apriltag_relocalizer.py
[0.652s] -- Up-to-date symlink: /home/dimi/robot_ws/src/home_robot/install/home_robot/lib/python3.12/site-packages/home_robot/nodes/arm_driver.py
[0.652s] -- Up-to-date symlink: /home/dimi/robot_ws/src/home_robot/install/home_robot/lib/python3.12/site-packages/home_robot/nodes/arm_joy_node.py
[0.652s] -- Up-to-date symlink: /home/dimi/robot_ws/src/home_robot/install/home_robot/lib/python3.12/site-packages/home_robot/nodes/arm_moveit_bridge.py
[0.652s] -- Up-to-date symlink: /home/dimi/robot_ws/src/home_robot/install/home_robot/lib/python3.12/site-packages/home_robot/nodes/arm_scene_obstacles.py
[0.652s] -- Up-to-date symlink: /home/dimi/robot_ws/src/home_robot/install/home_robot/lib/python3.12/site-packages/home_robot/nodes/calibrate_odom.py
[0.652s] -- Up-to-date symlink: /home/dimi/robot_ws/src/home_robot/install/home_robot/lib/python3.12/site-packages/home_robot/nodes/camera_watchdog_node.py
[0.654s] -- Up-to-date symlink: /home/dimi/robot_ws/src/home_robot/install/home_robot/lib/python3.12/site-packages/home_robot/nodes/cluster_detector_node.py
[0.654s] -- Up-to-date symlink: /home/dimi/robot_ws/src/home_robot/install/home_robot/lib/python3.12/site-packages/home_robot/nodes/diarization_node.py
[0.654s] -- Up-to-date symlink: /home/dimi/robot_ws/src/home_robot/install/home_robot/lib/python3.12/site-packages/home_robot/nodes/doa_node.py
[0.654s] -- Up-to-date symlink: /home/dimi/robot_ws/src/home_robot/install/home_robot/lib/python3.12/site-packages/home_robot/nodes/echo_node.py
[0.654s] -- Up-to-date symlink: /home/dimi/robot_ws/src/home_robot/install/home_robot/lib/python3.12/site-packages/home_robot/nodes/episodic_memory_node.py
[0.654s] -- Up-to-date symlink: /home/dimi/robot_ws/src/home_robot/install/home_robot/lib/python3.12/site-packages/home_robot/nodes/explore_manager_node.py
[0.654s] -- Up-to-date symlink: /home/dimi/robot_ws/src/home_robot/install/home_robot/lib/python3.12/site-packages/home_robot/nodes/face_detection_node.py
[0.654s] -- Up-to-date symlink: /home/dimi/robot_ws/src/home_robot/install/home_robot/lib/python3.12/site-packages/home_robot/nodes/face_identity_node.py
[0.654s] -- Up-to-date symlink: /home/dimi/robot_ws/src/home_robot/install/home_robot/lib/python3.12/site-packages/home_robot/nodes/fall_monitor_node.py
[0.654s] -- Up-to-date symlink: /home/dimi/robot_ws/src/home_robot/install/home_robot/lib/python3.12/site-packages/home_robot/nodes/gesture_node.py
[0.654s] -- Up-to-date symlink: /home/dimi/robot_ws/src/home_robot/install/home_robot/lib/python3.12/site-packages/home_robot/nodes/global_localizer_node.py
[0.654s] -- Up-to-date symlink: /home/dimi/robot_ws/src/home_robot/install/home_robot/lib/python3.12/site-packages/home_robot/nodes/goal_pose_bridge.py
[0.654s] -- Up-to-date symlink: /home/dimi/robot_ws/src/home_robot/install/home_robot/lib/python3.12/site-packages/home_robot/nodes/goto_room.py
[0.654s] -- Up-to-date symlink: /home/dimi/robot_ws/src/home_robot/install/home_robot/lib/python3.12/site-packages/home_robot/nodes/hand_gesture_node.py
[0.654s] -- Up-to-date symlink: /home/dimi/robot_ws/src/home_robot/install/home_robot/lib/python3.12/site-packages/home_robot/nodes/imu_node.py
[0.654s] -- Up-to-date symlink: /home/dimi/robot_ws/src/home_robot/install/home_robot/lib/python3.12/site-packages/home_robot/nodes/joy_cmd_gate_node.py
[0.655s] -- Up-to-date symlink: /home/dimi/robot_ws/src/home_robot/install/home_robot/lib/python3.12/site-packages/home_robot/nodes/joystick_estop_node.py
[0.655s] -- Up-to-date symlink: /home/dimi/robot_ws/src/home_robot/install/home_robot/lib/python3.12/site-packages/home_robot/nodes/llm_bridge_node.py
[0.655s] -- Up-to-date symlink: /home/dimi/robot_ws/src/home_robot/install/home_robot/lib/python3.12/site-packages/home_robot/nodes/mission_executor_node.py
[0.655s] -- Up-to-date symlink: /home/dimi/robot_ws/src/home_robot/install/home_robot/lib/python3.12/site-packages/home_robot/nodes/nerf_capture_node.py
[0.655s] -- Up-to-date symlink: /home/dimi/robot_ws/src/home_robot/install/home_robot/lib/python3.12/site-packages/home_robot/nodes/object_detector.py
[0.655s] -- Up-to-date symlink: /home/dimi/robot_ws/src/home_robot/install/home_robot/lib/python3.12/site-packages/home_robot/nodes/object_memory_node.py
[0.655s] -- Up-to-date symlink: /home/dimi/robot_ws/src/home_robot/install/home_robot/lib/python3.12/site-packages/home_robot/nodes/obstacle_prediction_node.py
[0.655s] -- Up-to-date symlink: /home/dimi/robot_ws/src/home_robot/install/home_robot/lib/python3.12/site-packages/home_robot/nodes/obstacle_safety_node.py
[0.655s] -- Up-to-date symlink: /home/dimi/robot_ws/src/home_robot/install/home_robot/lib/python3.12/site-packages/home_robot/nodes/odom_tf_broadcaster.py
[0.655s] -- Up-to-date symlink: /home/dimi/robot_ws/src/home_robot/install/home_robot/lib/python3.12/site-packages/home_robot/nodes/open_vocab_detector.py
[0.655s] -- Up-to-date symlink: /home/dimi/robot_ws/src/home_robot/install/home_robot/lib/python3.12/site-packages/home_robot/nodes/people_node.py
[0.655s] -- Up-to-date symlink: /home/dimi/robot_ws/src/home_robot/install/home_robot/lib/python3.12/site-packages/home_robot/nodes/person_follower_node.py
[0.655s] -- Up-to-date symlink: /home/dimi/robot_ws/src/home_robot/install/home_robot/lib/python3.12/site-packages/home_robot/nodes/pick_place_node.py
[0.655s] -- Up-to-date symlink: /home/dimi/robot_ws/src/home_robot/install/home_robot/lib/python3.12/site-packages/home_robot/nodes/pose_node.py
[0.655s] -- Up-to-date symlink: /home/dimi/robot_ws/src/home_robot/install/home_robot/lib/python3.12/site-packages/home_robot/nodes/pose_saver_node.py
[0.655s] -- Up-to-date symlink: /home/dimi/robot_ws/src/home_robot/install/home_robot/lib/python3.12/site-packages/home_robot/nodes/proactive_observer_node.py
[0.655s] -- Up-to-date symlink: /home/dimi/robot_ws/src/home_robot/install/home_robot/lib/python3.12/site-packages/home_robot/nodes/rag_memory_node.py
[0.655s] -- Up-to-date symlink: /home/dimi/robot_ws/src/home_robot/install/home_robot/lib/python3.12/site-packages/home_robot/nodes/record_location.py
[0.655s] -- Up-to-date symlink: /home/dimi/robot_ws/src/home_robot/install/home_robot/lib/python3.12/site-packages/home_robot/nodes/recovery_manager_node.py
[0.655s] -- Up-to-date symlink: /home/dimi/robot_ws/src/home_robot/install/home_robot/lib/python3.12/site-packages/home_robot/nodes/room_markers_node.py
[0.655s] -- Up-to-date symlink: /home/dimi/robot_ws/src/home_robot/install/home_robot/lib/python3.12/site-packages/home_robot/nodes/room_tour.py
[0.655s] -- Up-to-date symlink: /home/dimi/robot_ws/src/home_robot/install/home_robot/lib/python3.12/site-packages/home_robot/nodes/roomba_driver.py
[0.655s] -- Up-to-date symlink: /home/dimi/robot_ws/src/home_robot/install/home_robot/lib/python3.12/site-packages/home_robot/nodes/self_diagnosis_node.py
[0.656s] -- Up-to-date symlink: /home/dimi/robot_ws/src/home_robot/install/home_robot/lib/python3.12/site-packages/home_robot/nodes/semantic_costmap_node.py
[0.656s] -- Up-to-date symlink: /home/dimi/robot_ws/src/home_robot/install/home_robot/lib/python3.12/site-packages/home_robot/nodes/situational_awareness_node.py
[0.656s] -- Up-to-date symlink: /home/dimi/robot_ws/src/home_robot/install/home_robot/lib/python3.12/site-packages/home_robot/nodes/slip_monitor_node.py
[0.656s] -- Up-to-date symlink: /home/dimi/robot_ws/src/home_robot/install/home_robot/lib/python3.12/site-packages/home_robot/nodes/sound_event_node.py
[0.656s] -- Up-to-date symlink: /home/dimi/robot_ws/src/home_robot/install/home_robot/lib/python3.12/site-packages/home_robot/nodes/stt_node.py
[0.656s] -- Up-to-date symlink: /home/dimi/robot_ws/src/home_robot/install/home_robot/lib/python3.12/site-packages/home_robot/nodes/system_metrics_node.py
[0.656s] -- Up-to-date symlink: /home/dimi/robot_ws/src/home_robot/install/home_robot/lib/python3.12/site-packages/home_robot/nodes/tactile_node.py
[0.656s] -- Up-to-date symlink: /home/dimi/robot_ws/src/home_robot/install/home_robot/lib/python3.12/site-packages/home_robot/nodes/task_planner_node.py
[0.656s] -- Up-to-date symlink: /home/dimi/robot_ws/src/home_robot/install/home_robot/lib/python3.12/site-packages/home_robot/nodes/tracker_node.py
[0.656s] -- Up-to-date symlink: /home/dimi/robot_ws/src/home_robot/install/home_robot/lib/python3.12/site-packages/home_robot/nodes/trail_publisher_node.py
[0.656s] -- Up-to-date symlink: /home/dimi/robot_ws/src/home_robot/install/home_robot/lib/python3.12/site-packages/home_robot/nodes/tts_node.py
[0.656s] -- Up-to-date symlink: /home/dimi/robot_ws/src/home_robot/install/home_robot/lib/python3.12/site-packages/home_robot/nodes/vision_node.py
[0.656s] -- Up-to-date symlink: /home/dimi/robot_ws/src/home_robot/install/home_robot/lib/python3.12/site-packages/home_robot/nodes/wake_word_node.py
[0.656s] -- Up-to-date symlink: /home/dimi/robot_ws/src/home_robot/install/home_robot/lib/python3.12/site-packages/home_robot/nodes/web_dashboard_node.py
[0.656s] -- Up-to-date symlink: /home/dimi/robot_ws/src/home_robot/install/home_robot/lib/python3.12/site-packages/home_robot/nodes/yolo11n-pose.pt
[0.656s] -- Up-to-date symlink: /home/dimi/robot_ws/src/home_robot/install/home_robot/lib/python3.12/site-packages/home_robot/nodes/yolo11n-seg.pt
[0.656s] -- Up-to-date symlink: /home/dimi/robot_ws/src/home_robot/install/home_robot/lib/python3.12/site-packages/home_robot/nodes/yolo11n.pt
[0.656s] -- Up-to-date symlink: /home/dimi/robot_ws/src/home_robot/install/home_robot/lib/python3.12/site-packages/home_robot/nodes/yolo11n_int8.onnx
[0.656s] -- Up-to-date symlink: /home/dimi/robot_ws/src/home_robot/install/home_robot/lib/python3.12/site-packages/home_robot/nodes/yolo11n_pose_int8.onnx
[0.656s] -- Up-to-date symlink: /home/dimi/robot_ws/src/home_robot/install/home_robot/lib/python3.12/site-packages/home_robot/nodes/yolo11n_seg_int8.onnx
[0.656s] -- Up-to-date symlink: /home/dimi/robot_ws/src/home_robot/install/home_robot/lib/python3.12/site-packages/home_robot/nodes/yunet_face_2023mar.onnx
[0.656s] -- Up-to-date symlink: /home/dimi/robot_ws/src/home_robot/install/home_robot/lib/python3.12/site-packages/home_robot/nodes/yunet_int8.onnx
[0.656s] -- Up-to-date symlink: /home/dimi/robot_ws/src/home_robot/install/home_robot/lib/python3.12/site-packages/home_robot/object_memory.py
[0.657s] -- Up-to-date symlink: /home/dimi/robot_ws/src/home_robot/install/home_robot/lib/python3.12/site-packages/home_robot/obstacle_prediction.py
[0.657s] -- Up-to-date symlink: /home/dimi/robot_ws/src/home_robot/install/home_robot/lib/python3.12/site-packages/home_robot/pcl_clusters.py
[0.657s] -- Up-to-date symlink: /home/dimi/robot_ws/src/home_robot/install/home_robot/lib/python3.12/site-packages/home_robot/people.py
[0.657s] -- Up-to-date symlink: /home/dimi/robot_ws/src/home_robot/install/home_robot/lib/python3.12/site-packages/home_robot/proactive.py
[0.657s] -- Up-to-date symlink: /home/dimi/robot_ws/src/home_robot/install/home_robot/lib/python3.12/site-packages/home_robot/room_files.py
[0.657s] -- Up-to-date symlink: /home/dimi/robot_ws/src/home_robot/install/home_robot/lib/python3.12/site-packages/home_robot/room_segment.py
[0.657s] -- Up-to-date symlink: /home/dimi/robot_ws/src/home_robot/install/home_robot/lib/python3.12/site-packages/home_robot/routines.py
[0.657s] -- Up-to-date symlink: /home/dimi/robot_ws/src/home_robot/install/home_robot/lib/python3.12/site-packages/home_robot/safety_settings.py
[0.657s] -- Up-to-date symlink: /home/dimi/robot_ws/src/home_robot/install/home_robot/lib/python3.12/site-packages/home_robot/servo_filter.py
[0.657s] -- Up-to-date symlink: /home/dimi/robot_ws/src/home_robot/install/home_robot/lib/python3.12/site-packages/home_robot/simple_commands.py
[0.657s] -- Up-to-date symlink: /home/dimi/robot_ws/src/home_robot/install/home_robot/lib/python3.12/site-packages/home_robot/slip_detect.py
[0.657s] -- Up-to-date symlink: /home/dimi/robot_ws/src/home_robot/install/home_robot/lib/python3.12/site-packages/home_robot/slip_map.py
[0.657s] -- Up-to-date symlink: /home/dimi/robot_ws/src/home_robot/install/home_robot/lib/python3.12/site-packages/home_robot/sort_planner.py
[0.657s] -- Up-to-date symlink: /home/dimi/robot_ws/src/home_robot/install/home_robot/lib/python3.12/site-packages/home_robot/sound_events.py
[0.657s] -- Up-to-date symlink: /home/dimi/robot_ws/src/home_robot/install/home_robot/lib/python3.12/site-packages/home_robot/speaker_fusion.py
[0.657s] -- Up-to-date symlink: /home/dimi/robot_ws/src/home_robot/install/home_robot/lib/python3.12/site-packages/home_robot/status_query.py
[0.657s] -- Up-to-date symlink: /home/dimi/robot_ws/src/home_robot/install/home_robot/lib/python3.12/site-packages/home_robot/stop_command.py
[0.657s] -- Up-to-date symlink: /home/dimi/robot_ws/src/home_robot/install/home_robot/lib/python3.12/site-packages/home_robot/stt_postprocess.py
[0.657s] -- Up-to-date symlink: /home/dimi/robot_ws/src/home_robot/install/home_robot/lib/python3.12/site-packages/home_robot/system_settings.py
[0.657s] -- Up-to-date symlink: /home/dimi/robot_ws/src/home_robot/install/home_robot/lib/python3.12/site-packages/home_robot/tactile.py
[0.657s] -- Up-to-date symlink: /home/dimi/robot_ws/src/home_robot/install/home_robot/lib/python3.12/site-packages/home_robot/tool_router.py
[0.657s] -- Up-to-date symlink: /home/dimi/robot_ws/src/home_robot/install/home_robot/lib/python3.12/site-packages/home_robot/tts_fallback.py
[0.658s] -- Up-to-date symlink: /home/dimi/robot_ws/src/home_robot/install/home_robot/lib/python3.12/site-packages/home_robot/vocabulary.py
[0.658s] -- Up-to-date symlink: /home/dimi/robot_ws/src/home_robot/install/home_robot/lib/python3.12/site-packages/home_robot/voice_gate.py
[0.658s] -- Up-to-date symlink: /home/dimi/robot_ws/src/home_robot/install/home_robot/lib/home_robot/roomba_driver.py
[0.658s] -- Up-to-date symlink: /home/dimi/robot_ws/src/home_robot/install/home_robot/lib/home_robot/object_detector.py
[0.658s] -- Up-to-date symlink: /home/dimi/robot_ws/src/home_robot/install/home_robot/lib/home_robot/camera_watchdog_node.py
[0.658s] -- Up-to-date symlink: /home/dimi/robot_ws/src/home_robot/install/home_robot/lib/home_robot/obstacle_safety_node.py
[0.658s] -- Up-to-date symlink: /home/dimi/robot_ws/src/home_robot/install/home_robot/lib/home_robot/arm_driver.py
[0.658s] -- Up-to-date symlink: /home/dimi/robot_ws/src/home_robot/install/home_robot/lib/home_robot/arm_moveit_bridge.py
[0.658s] -- Up-to-date symlink: /home/dimi/robot_ws/src/home_robot/install/home_robot/lib/home_robot/arm_scene_obstacles.py
[0.658s] -- Up-to-date symlink: /home/dimi/robot_ws/src/home_robot/install/home_robot/lib/home_robot/pick_place_node.py
[0.658s] -- Up-to-date symlink: /home/dimi/robot_ws/src/home_robot/install/home_robot/lib/home_robot/cluster_detector_node.py
[0.658s] -- Up-to-date symlink: /home/dimi/robot_ws/src/home_robot/install/home_robot/lib/home_robot/system_metrics_node.py
[0.658s] -- Up-to-date symlink: /home/dimi/robot_ws/src/home_robot/install/home_robot/lib/home_robot/joystick_estop_node.py
[0.658s] -- Up-to-date symlink: /home/dimi/robot_ws/src/home_robot/install/home_robot/lib/home_robot/joy_cmd_gate_node.py
[0.658s] -- Up-to-date symlink: /home/dimi/robot_ws/src/home_robot/install/home_robot/lib/home_robot/arm_joy_node.py
[0.658s] -- Up-to-date symlink: /home/dimi/robot_ws/src/home_robot/install/home_robot/lib/home_robot/wake_word_node.py
[0.658s] -- Up-to-date symlink: /home/dimi/robot_ws/src/home_robot/install/home_robot/lib/home_robot/stt_node.py
[0.658s] -- Up-to-date symlink: /home/dimi/robot_ws/src/home_robot/install/home_robot/lib/home_robot/llm_bridge_node.py
[0.658s] -- Up-to-date symlink: /home/dimi/robot_ws/src/home_robot/install/home_robot/lib/home_robot/vision_node.py
[0.658s] -- Up-to-date symlink: /home/dimi/robot_ws/src/home_robot/install/home_robot/lib/home_robot/tts_node.py
[0.658s] -- Up-to-date symlink: /home/dimi/robot_ws/src/home_robot/install/home_robot/lib/home_robot/task_planner_node.py
[0.658s] -- Up-to-date symlink: /home/dimi/robot_ws/src/home_robot/install/home_robot/lib/home_robot/calibrate_odom.py
[0.659s] -- Up-to-date symlink: /home/dimi/robot_ws/src/home_robot/install/home_robot/lib/home_robot/imu_node.py
[0.659s] -- Up-to-date symlink: /home/dimi/robot_ws/src/home_robot/install/home_robot/lib/home_robot/rag_memory_node.py
[0.659s] -- Up-to-date symlink: /home/dimi/robot_ws/src/home_robot/install/home_robot/lib/home_robot/doa_node.py
[0.659s] -- Up-to-date symlink: /home/dimi/robot_ws/src/home_robot/install/home_robot/lib/home_robot/person_follower_node.py
[0.659s] -- Up-to-date symlink: /home/dimi/robot_ws/src/home_robot/install/home_robot/lib/home_robot/apriltag_relocalizer.py
[0.659s] -- Up-to-date symlink: /home/dimi/robot_ws/src/home_robot/install/home_robot/lib/home_robot/tracker_node.py
[0.659s] -- Up-to-date symlink: /home/dimi/robot_ws/src/home_robot/install/home_robot/lib/home_robot/diarization_node.py
[0.659s] -- Up-to-date symlink: /home/dimi/robot_ws/src/home_robot/install/home_robot/lib/home_robot/recovery_manager_node.py
[0.659s] -- Up-to-date symlink: /home/dimi/robot_ws/src/home_robot/install/home_robot/lib/home_robot/obstacle_prediction_node.py
[0.659s] -- Up-to-date symlink: /home/dimi/robot_ws/src/home_robot/install/home_robot/lib/home_robot/fall_monitor_node.py
[0.659s] -- Up-to-date symlink: /home/dimi/robot_ws/src/home_robot/install/home_robot/lib/home_robot/situational_awareness_node.py
[0.659s] -- Up-to-date symlink: /home/dimi/robot_ws/src/home_robot/install/home_robot/lib/home_robot/mission_executor_node.py
[0.659s] -- Up-to-date symlink: /home/dimi/robot_ws/src/home_robot/install/home_robot/lib/home_robot/semantic_costmap_node.py
[0.659s] -- Up-to-date symlink: /home/dimi/robot_ws/src/home_robot/install/home_robot/lib/home_robot/object_memory_node.py
[0.659s] -- Up-to-date symlink: /home/dimi/robot_ws/src/home_robot/install/home_robot/lib/home_robot/face_detection_node.py
[0.659s] -- Up-to-date symlink: /home/dimi/robot_ws/src/home_robot/install/home_robot/lib/home_robot/pose_node.py
[0.659s] -- Up-to-date symlink: /home/dimi/robot_ws/src/home_robot/install/home_robot/lib/home_robot/gesture_node.py
[0.660s] -- Up-to-date symlink: /home/dimi/robot_ws/src/home_robot/install/home_robot/lib/home_robot/proactive_observer_node.py
[0.660s] -- Up-to-date symlink: /home/dimi/robot_ws/src/home_robot/install/home_robot/lib/home_robot/episodic_memory_node.py
[0.660s] -- Up-to-date symlink: /home/dimi/robot_ws/src/home_robot/install/home_robot/lib/home_robot/open_vocab_detector.py
[0.660s] -- Up-to-date symlink: /home/dimi/robot_ws/src/home_robot/install/home_robot/lib/home_robot/sound_event_node.py
[0.660s] -- Up-to-date symlink: /home/dimi/robot_ws/src/home_robot/install/home_robot/lib/home_robot/face_identity_node.py
[0.660s] -- Up-to-date symlink: /home/dimi/robot_ws/src/home_robot/install/home_robot/lib/home_robot/self_diagnosis_node.py
[0.660s] -- Up-to-date symlink: /home/dimi/robot_ws/src/home_robot/install/home_robot/lib/home_robot/slip_monitor_node.py
[0.660s] -- Up-to-date symlink: /home/dimi/robot_ws/src/home_robot/install/home_robot/lib/home_robot/hand_gesture_node.py
[0.660s] -- Up-to-date symlink: /home/dimi/robot_ws/src/home_robot/install/home_robot/lib/home_robot/people_node.py
[0.660s] -- Up-to-date symlink: /home/dimi/robot_ws/src/home_robot/install/home_robot/lib/home_robot/acoustic_map_node.py
[0.660s] -- Up-to-date symlink: /home/dimi/robot_ws/src/home_robot/install/home_robot/lib/home_robot/tactile_node.py
[0.660s] -- Up-to-date symlink: /home/dimi/robot_ws/src/home_robot/install/home_robot/lib/home_robot/echo_node.py
[0.661s] -- Up-to-date symlink: /home/dimi/robot_ws/src/home_robot/install/home_robot/lib/home_robot/nerf_capture_node.py
[0.661s] -- Up-to-date symlink: /home/dimi/robot_ws/src/home_robot/install/home_robot/lib/home_robot/goto_room.py
[0.661s] -- Up-to-date symlink: /home/dimi/robot_ws/src/home_robot/install/home_robot/lib/home_robot/room_tour.py
[0.661s] -- Up-to-date symlink: /home/dimi/robot_ws/src/home_robot/install/home_robot/lib/home_robot/record_location.py
[0.661s] -- Up-to-date symlink: /home/dimi/robot_ws/src/home_robot/install/home_robot/lib/home_robot/collect_keepout_clicks.py
[0.661s] -- Up-to-date symlink: /home/dimi/robot_ws/src/home_robot/install/home_robot/lib/home_robot/pose_saver_node.py
[0.661s] -- Up-to-date symlink: /home/dimi/robot_ws/src/home_robot/install/home_robot/lib/home_robot/room_markers_node.py
[0.661s] -- Up-to-date symlink: /home/dimi/robot_ws/src/home_robot/install/home_robot/lib/home_robot/global_localizer_node.py
[0.661s] -- Up-to-date symlink: /home/dimi/robot_ws/src/home_robot/install/home_robot/lib/home_robot/explore_manager_node.py
[0.661s] -- Up-to-date symlink: /home/dimi/robot_ws/src/home_robot/install/home_robot/lib/home_robot/web_dashboard_node.py
[0.661s] -- Up-to-date symlink: /home/dimi/robot_ws/src/home_robot/install/home_robot/lib/home_robot/goal_pose_bridge.py
[0.661s] -- Up-to-date symlink: /home/dimi/robot_ws/src/home_robot/install/home_robot/lib/home_robot/odom_tf_broadcaster.py
[0.661s] -- Up-to-date symlink: /home/dimi/robot_ws/src/home_robot/install/home_robot/lib/home_robot/trail_publisher_node.py
[0.662s] -- Up-to-date symlink: /home/dimi/robot_ws/src/home_robot/install/home_robot/lib/home_robot/yolo11n.pt
[0.662s] -- Up-to-date symlink: /home/dimi/robot_ws/src/home_robot/install/home_robot/lib/home_robot/yolo11n-seg.pt
[0.662s] -- Up-to-date symlink: /home/dimi/robot_ws/src/home_robot/install/home_robot/lib/home_robot/yolo11n-pose.pt
[0.662s] -- Up-to-date symlink: /home/dimi/robot_ws/src/home_robot/install/home_robot/lib/home_robot/yolo11n_int8.onnx
[0.662s] -- Up-to-date symlink: /home/dimi/robot_ws/src/home_robot/install/home_robot/lib/home_robot/yolo11n_pose_int8.onnx
[0.662s] -- Up-to-date symlink: /home/dimi/robot_ws/src/home_robot/install/home_robot/lib/home_robot/yolo11n_seg_int8.onnx
[0.662s] -- Up-to-date symlink: /home/dimi/robot_ws/src/home_robot/install/home_robot/lib/home_robot/yunet_int8.onnx
[0.662s] -- Up-to-date symlink: /home/dimi/robot_ws/src/home_robot/install/home_robot/share/home_robot/launch/__pycache__/arm_moveit.launch.cpython-312.pyc
[0.662s] -- Up-to-date symlink: /home/dimi/robot_ws/src/home_robot/install/home_robot/share/home_robot/launch/__pycache__/bringup.launch.cpython-312.pyc
[0.662s] -- Up-to-date symlink: /home/dimi/robot_ws/src/home_robot/install/home_robot/share/home_robot/launch/__pycache__/handeye_calibrate.launch.cpython-312.pyc
[0.662s] -- Up-to-date symlink: /home/dimi/robot_ws/src/home_robot/install/home_robot/share/home_robot/launch/__pycache__/lidar.launch.cpython-312.pyc
[0.662s] -- Up-to-date symlink: /home/dimi/robot_ws/src/home_robot/install/home_robot/share/home_robot/launch/__pycache__/localize.launch.cpython-312.pyc
[0.663s] -- Up-to-date symlink: /home/dimi/robot_ws/src/home_robot/install/home_robot/share/home_robot/launch/__pycache__/map_mode_localize.launch.cpython-312.pyc
[0.663s] -- Up-to-date symlink: /home/dimi/robot_ws/src/home_robot/install/home_robot/share/home_robot/launch/__pycache__/map_mode_slam.launch.cpython-312.pyc
[0.663s] -- Up-to-date symlink: /home/dimi/robot_ws/src/home_robot/install/home_robot/share/home_robot/launch/__pycache__/perception_clusters.launch.cpython-312.pyc
[0.663s] -- Up-to-date symlink: /home/dimi/robot_ws/src/home_robot/install/home_robot/share/home_robot/launch/__pycache__/rtabmap.launch.cpython-312.pyc
[0.663s] -- Up-to-date symlink: /home/dimi/robot_ws/src/home_robot/install/home_robot/share/home_robot/launch/__pycache__/sim.launch.cpython-312.pyc
[0.663s] -- Up-to-date symlink: /home/dimi/robot_ws/src/home_robot/install/home_robot/share/home_robot/launch/__pycache__/slam_only.launch.cpython-312.pyc
[0.663s] -- Up-to-date symlink: /home/dimi/robot_ws/src/home_robot/install/home_robot/share/home_robot/launch/__pycache__/view_map.launch.cpython-312.pyc
[0.663s] -- Up-to-date symlink: /home/dimi/robot_ws/src/home_robot/install/home_robot/share/home_robot/launch/arm_moveit.launch.py
[0.663s] -- Up-to-date symlink: /home/dimi/robot_ws/src/home_robot/install/home_robot/share/home_robot/launch/bringup.launch.py
[0.663s] -- Up-to-date symlink: /home/dimi/robot_ws/src/home_robot/install/home_robot/share/home_robot/launch/handeye_calibrate.launch.py
[0.663s] -- Up-to-date symlink: /home/dimi/robot_ws/src/home_robot/install/home_robot/share/home_robot/launch/lidar.launch.py
[0.663s] -- Up-to-date symlink: /home/dimi/robot_ws/src/home_robot/install/home_robot/share/home_robot/launch/localize.launch.py
[0.663s] -- Up-to-date symlink: /home/dimi/robot_ws/src/home_robot/install/home_robot/share/home_robot/launch/map_mode_localize.launch.py
[0.663s] -- Up-to-date symlink: /home/dimi/robot_ws/src/home_robot/install/home_robot/share/home_robot/launch/map_mode_slam.launch.py
[0.663s] -- Up-to-date symlink: /home/dimi/robot_ws/src/home_robot/install/home_robot/share/home_robot/launch/perception_clusters.launch.py
[0.664s] -- Up-to-date symlink: /home/dimi/robot_ws/src/home_robot/install/home_robot/share/home_robot/launch/rtabmap.launch.py
[0.664s] -- Up-to-date symlink: /home/dimi/robot_ws/src/home_robot/install/home_robot/share/home_robot/launch/sim.launch.py
[0.664s] -- Up-to-date symlink: /home/dimi/robot_ws/src/home_robot/install/home_robot/share/home_robot/launch/slam_only.launch.py
[0.664s] -- Up-to-date symlink: /home/dimi/robot_ws/src/home_robot/install/home_robot/share/home_robot/launch/view_map.launch.py
[0.664s] -- Up-to-date symlink: /home/dimi/robot_ws/src/home_robot/install/home_robot/share/home_robot/config/99-robot-devices.rules
[0.664s] -- Up-to-date symlink: /home/dimi/robot_ws/src/home_robot/install/home_robot/share/home_robot/config/apriltag.yaml
[0.664s] -- Up-to-date symlink: /home/dimi/robot_ws/src/home_robot/install/home_robot/share/home_robot/config/arm_joy_ps5.yaml
[0.664s] -- Up-to-date symlink: /home/dimi/robot_ws/src/home_robot/install/home_robot/share/home_robot/config/arm_model.json
[0.664s] -- Up-to-date symlink: /home/dimi/robot_ws/src/home_robot/install/home_robot/share/home_robot/config/behavior_trees/navigate_to_pose_w_replanning_and_recovery.xml
[0.664s] -- Up-to-date symlink: /home/dimi/robot_ws/src/home_robot/install/home_robot/share/home_robot/config/ekf.yaml
[0.664s] -- Up-to-date symlink: /home/dimi/robot_ws/src/home_robot/install/home_robot/share/home_robot/config/explore.yaml
[0.664s] -- Up-to-date symlink: /home/dimi/robot_ws/src/home_robot/install/home_robot/share/home_robot/config/keepout_mask.pgm
[0.664s] -- Up-to-date symlink: /home/dimi/robot_ws/src/home_robot/install/home_robot/share/home_robot/config/keepout_mask.yaml
[0.664s] -- Up-to-date symlink: /home/dimi/robot_ws/src/home_robot/install/home_robot/share/home_robot/config/keepout_zones.yaml
[0.664s] -- Up-to-date symlink: /home/dimi/robot_ws/src/home_robot/install/home_robot/share/home_robot/config/lidar_arm_filter.yaml
[0.664s] -- Up-to-date symlink: /home/dimi/robot_ws/src/home_robot/install/home_robot/share/home_robot/config/locations.yaml
[0.664s] -- Up-to-date symlink: /home/dimi/robot_ws/src/home_robot/install/home_robot/share/home_robot/config/lukas.rviz
[0.665s] -- Up-to-date symlink: /home/dimi/robot_ws/src/home_robot/install/home_robot/share/home_robot/config/models/hey_robot.onnx
[0.665s] -- Up-to-date symlink: /home/dimi/robot_ws/src/home_robot/install/home_robot/share/home_robot/config/models/piper/el_GR-rapunzelina-low.onnx
[0.665s] -- Up-to-date symlink: /home/dimi/robot_ws/src/home_robot/install/home_robot/share/home_robot/config/models/piper/el_GR-rapunzelina-low.onnx.json
[0.665s] -- Up-to-date symlink: /home/dimi/robot_ws/src/home_robot/install/home_robot/share/home_robot/config/nav2_params.yaml
[0.665s] -- Up-to-date symlink: /home/dimi/robot_ws/src/home_robot/install/home_robot/share/home_robot/config/pcl_filter_params.yaml
[0.665s] -- Up-to-date symlink: /home/dimi/robot_ws/src/home_robot/install/home_robot/share/home_robot/config/robot.rviz
[0.666s] -- Up-to-date symlink: /home/dimi/robot_ws/src/home_robot/install/home_robot/share/home_robot/config/robot_scan.glb
[0.666s] -- Up-to-date symlink: /home/dimi/robot_ws/src/home_robot/install/home_robot/share/home_robot/config/robot_scan_uncropped.glb
[0.666s] -- Up-to-date symlink: /home/dimi/robot_ws/src/home_robot/install/home_robot/share/home_robot/config/sort_rules.yaml
[0.666s] -- Up-to-date symlink: /home/dimi/robot_ws/src/home_robot/install/home_robot/share/home_robot/config/teleop_twist_joy_ps5.yaml
[0.667s] -- Up-to-date symlink: /home/dimi/robot_ws/src/home_robot/install/home_robot/share/home_robot/scripts/RUNBOOK_remap.md
[0.668s] -- Up-to-date symlink: /home/dimi/robot_ws/src/home_robot/install/home_robot/share/home_robot/scripts/RUNBOOK_spin_retest.md
[0.668s] -- Up-to-date symlink: /home/dimi/robot_ws/src/home_robot/install/home_robot/share/home_robot/scripts/__pycache__/apply_handeye_calibration.cpython-312.pyc
[0.668s] -- Up-to-date symlink: /home/dimi/robot_ws/src/home_robot/install/home_robot/share/home_robot/scripts/__pycache__/auto_rooms.cpython-312.pyc
[0.668s] -- Up-to-date symlink: /home/dimi/robot_ws/src/home_robot/install/home_robot/share/home_robot/scripts/__pycache__/brc_line_probe.cpython-312.pyc
[0.668s] -- Up-to-date symlink: /home/dimi/robot_ws/src/home_robot/install/home_robot/share/home_robot/scripts/__pycache__/build_arm_model.cpython-312.pyc
[0.668s] -- Up-to-date symlink: /home/dimi/robot_ws/src/home_robot/install/home_robot/share/home_robot/scripts/__pycache__/bump_test.cpython-312-pytest-7.4.4.pyc
[0.668s] -- Up-to-date symlink: /home/dimi/robot_ws/src/home_robot/install/home_robot/share/home_robot/scripts/__pycache__/bump_test.cpython-312.pyc
[0.668s] -- Up-to-date symlink: /home/dimi/robot_ws/src/home_robot/install/home_robot/share/home_robot/scripts/__pycache__/calibrate_arm_base.cpython-312.pyc
[0.668s] -- Up-to-date symlink: /home/dimi/robot_ws/src/home_robot/install/home_robot/share/home_robot/scripts/__pycache__/calibrate_odom.cpython-312.pyc
[0.669s] -- Up-to-date symlink: /home/dimi/robot_ws/src/home_robot/install/home_robot/share/home_robot/scripts/__pycache__/check_gemini_quota.cpython-312.pyc
[0.669s] -- Up-to-date symlink: /home/dimi/robot_ws/src/home_robot/install/home_robot/share/home_robot/scripts/__pycache__/collect_keepout_clicks.cpython-312.pyc
[0.669s] -- Up-to-date symlink: /home/dimi/robot_ws/src/home_robot/install/home_robot/share/home_robot/scripts/__pycache__/crop_robot_scan.cpython-312.pyc
[0.669s] -- Up-to-date symlink: /home/dimi/robot_ws/src/home_robot/install/home_robot/share/home_robot/scripts/__pycache__/derive_dock_pose.cpython-312.pyc
[0.669s] -- Up-to-date symlink: /home/dimi/robot_ws/src/home_robot/install/home_robot/share/home_robot/scripts/__pycache__/doorway_probe.cpython-312.pyc
[0.669s] -- Up-to-date symlink: /home/dimi/robot_ws/src/home_robot/install/home_robot/share/home_robot/scripts/__pycache__/draw_keepout.cpython-312.pyc
[0.669s] -- Up-to-date symlink: /home/dimi/robot_ws/src/home_robot/install/home_robot/share/home_robot/scripts/__pycache__/drive_to_open.cpython-312.pyc
[0.669s] -- Up-to-date symlink: /home/dimi/robot_ws/src/home_robot/install/home_robot/share/home_robot/scripts/__pycache__/fetch_sim.cpython-312.pyc
[0.669s] -- Up-to-date symlink: /home/dimi/robot_ws/src/home_robot/install/home_robot/share/home_robot/scripts/__pycache__/fetch_sim_gazebo.cpython-312.pyc
[0.669s] -- Up-to-date symlink: /home/dimi/robot_ws/src/home_robot/install/home_robot/share/home_robot/scripts/__pycache__/hand_eye_probe.cpython-312.pyc
[0.669s] -- Up-to-date symlink: /home/dimi/robot_ws/src/home_robot/install/home_robot/share/home_robot/scripts/__pycache__/ir_diagnose.cpython-312.pyc
[0.669s] -- Up-to-date symlink: /home/dimi/robot_ws/src/home_robot/install/home_robot/share/home_robot/scripts/__pycache__/localize_in_room.cpython-312.pyc
[0.669s] -- Up-to-date symlink: /home/dimi/robot_ws/src/home_robot/install/home_robot/share/home_robot/scripts/__pycache__/make_room_mask.cpython-312.pyc
[0.670s] -- Up-to-date symlink: /home/dimi/robot_ws/src/home_robot/install/home_robot/share/home_robot/scripts/__pycache__/map_clearance.cpython-312.pyc
[0.670s] -- Up-to-date symlink: /home/dimi/robot_ws/src/home_robot/install/home_robot/share/home_robot/scripts/__pycache__/map_downsample.cpython-312.pyc
[0.670s] -- Up-to-date symlink: /home/dimi/robot_ws/src/home_robot/install/home_robot/share/home_robot/scripts/__pycache__/map_to_world.cpython-312.pyc
[0.670s] -- Up-to-date symlink: /home/dimi/robot_ws/src/home_robot/install/home_robot/share/home_robot/scripts/__pycache__/measure_camera_pitch.cpython-312.pyc
[0.670s] -- Up-to-date symlink: /home/dimi/robot_ws/src/home_robot/install/home_robot/share/home_robot/scripts/__pycache__/measure_person_distance.cpython-312.pyc
[0.670s] -- Up-to-date symlink: /home/dimi/robot_ws/src/home_robot/install/home_robot/share/home_robot/scripts/__pycache__/nerf_smoke_test.cpython-312.pyc
[0.670s] -- Up-to-date symlink: /home/dimi/robot_ws/src/home_robot/install/home_robot/share/home_robot/scripts/__pycache__/passive_arm_limits.cpython-312.pyc
[0.670s] -- Up-to-date symlink: /home/dimi/robot_ws/src/home_robot/install/home_robot/share/home_robot/scripts/__pycache__/path_block.cpython-312.pyc
[0.670s] -- Up-to-date symlink: /home/dimi/robot_ws/src/home_robot/install/home_robot/share/home_robot/scripts/__pycache__/ply_to_map.cpython-312.pyc
[0.670s] -- Up-to-date symlink: /home/dimi/robot_ws/src/home_robot/install/home_robot/share/home_robot/scripts/__pycache__/power_blackbox.cpython-312.pyc
[0.670s] -- Up-to-date symlink: /home/dimi/robot_ws/src/home_robot/install/home_robot/share/home_robot/scripts/__pycache__/roomba_awake.cpython-312.pyc
[0.670s] -- Up-to-date symlink: /home/dimi/robot_ws/src/home_robot/install/home_robot/share/home_robot/scripts/__pycache__/roomba_keepalive.cpython-312.pyc
[0.670s] -- Up-to-date symlink: /home/dimi/robot_ws/src/home_robot/install/home_robot/share/home_robot/scripts/__pycache__/sim_place_objects.cpython-312.pyc
[0.671s] -- Up-to-date symlink: /home/dimi/robot_ws/src/home_robot/install/home_robot/share/home_robot/scripts/__pycache__/straighten_map_display.cpython-312.pyc
[0.671s] -- Up-to-date symlink: /home/dimi/robot_ws/src/home_robot/install/home_robot/share/home_robot/scripts/__pycache__/tidy_sim.cpython-312.pyc
[0.671s] -- Up-to-date symlink: /home/dimi/robot_ws/src/home_robot/install/home_robot/share/home_robot/scripts/__pycache__/tool_ab.cpython-312.pyc
[0.671s] -- Up-to-date symlink: /home/dimi/robot_ws/src/home_robot/install/home_robot/share/home_robot/scripts/__pycache__/tool_multi.cpython-312.pyc
[0.671s] -- Up-to-date symlink: /home/dimi/robot_ws/src/home_robot/install/home_robot/share/home_robot/scripts/__pycache__/tool_repeat.cpython-312.pyc
[0.671s] -- Up-to-date symlink: /home/dimi/robot_ws/src/home_robot/install/home_robot/share/home_robot/scripts/__pycache__/train_nerf.cpython-312.pyc
[0.671s] -- Up-to-date symlink: /home/dimi/robot_ws/src/home_robot/install/home_robot/share/home_robot/scripts/__pycache__/usdz_to_glb.cpython-312.pyc
[0.671s] -- Up-to-date symlink: /home/dimi/robot_ws/src/home_robot/install/home_robot/share/home_robot/scripts/apply_handeye_calibration.py
[0.671s] -- Up-to-date symlink: /home/dimi/robot_ws/src/home_robot/install/home_robot/share/home_robot/scripts/apply_keepout_toggle.sh
[0.671s] -- Up-to-date symlink: /home/dimi/robot_ws/src/home_robot/install/home_robot/share/home_robot/scripts/apply_skirt_margin.sh
[0.671s] -- Up-to-date symlink: /home/dimi/robot_ws/src/home_robot/install/home_robot/share/home_robot/scripts/auto_rooms.py
[0.671s] -- Up-to-date symlink: /home/dimi/robot_ws/src/home_robot/install/home_robot/share/home_robot/scripts/brc_line_probe.py
[0.671s] -- Up-to-date symlink: /home/dimi/robot_ws/src/home_robot/install/home_robot/share/home_robot/scripts/build_arm_model.py
[0.671s] -- Up-to-date symlink: /home/dimi/robot_ws/src/home_robot/install/home_robot/share/home_robot/scripts/bump_test.py
[0.671s] -- Up-to-date symlink: /home/dimi/robot_ws/src/home_robot/install/home_robot/share/home_robot/scripts/calibrate_arm_base.py
[0.672s] -- Up-to-date symlink: /home/dimi/robot_ws/src/home_robot/install/home_robot/share/home_robot/scripts/calibrate_odom.py
[0.672s] -- Up-to-date symlink: /home/dimi/robot_ws/src/home_robot/install/home_robot/share/home_robot/scripts/check_gemini_quota.py
[0.672s] -- Up-to-date symlink: /home/dimi/robot_ws/src/home_robot/install/home_robot/share/home_robot/scripts/collect_keepout_clicks.py
[0.672s] -- Up-to-date symlink: /home/dimi/robot_ws/src/home_robot/install/home_robot/share/home_robot/scripts/crop_robot_scan.py
[0.672s] -- Up-to-date symlink: /home/dimi/robot_ws/src/home_robot/install/home_robot/share/home_robot/scripts/derive_dock_pose.py
[0.672s] -- Up-to-date symlink: /home/dimi/robot_ws/src/home_robot/install/home_robot/share/home_robot/scripts/doorway_probe.py
[0.672s] -- Up-to-date symlink: /home/dimi/robot_ws/src/home_robot/install/home_robot/share/home_robot/scripts/draw_keepout.py
[0.672s] -- Up-to-date symlink: /home/dimi/robot_ws/src/home_robot/install/home_robot/share/home_robot/scripts/drive_to_open.py
[0.672s] -- Up-to-date symlink: /home/dimi/robot_ws/src/home_robot/install/home_robot/share/home_robot/scripts/ensure_nav_active.sh
[0.673s] -- Up-to-date symlink: /home/dimi/robot_ws/src/home_robot/install/home_robot/share/home_robot/scripts/fetch_perception_models.sh
[0.673s] -- Up-to-date symlink: /home/dimi/robot_ws/src/home_robot/install/home_robot/share/home_robot/scripts/fetch_sim.py
[0.673s] -- Up-to-date symlink: /home/dimi/robot_ws/src/home_robot/install/home_robot/share/home_robot/scripts/fetch_sim_gazebo.py
[0.673s] -- Up-to-date symlink: /home/dimi/robot_ws/src/home_robot/install/home_robot/share/home_robot/scripts/fetch_tts_fallback.sh
[0.673s] -- Up-to-date symlink: /home/dimi/robot_ws/src/home_robot/install/home_robot/share/home_robot/scripts/fetch_vendored.sh
[0.673s] -- Up-to-date symlink: /home/dimi/robot_ws/src/home_robot/install/home_robot/share/home_robot/scripts/gui_session.sh
[0.673s] -- Up-to-date symlink: /home/dimi/robot_ws/src/home_robot/install/home_robot/share/home_robot/scripts/hand_eye_probe.py
[0.673s] -- Up-to-date symlink: /home/dimi/robot_ws/src/home_robot/install/home_robot/share/home_robot/scripts/install_power_smooth.sh
[0.674s] -- Up-to-date symlink: /home/dimi/robot_ws/src/home_robot/install/home_robot/share/home_robot/scripts/install_usb_power.sh
[0.674s] -- Up-to-date symlink: /home/dimi/robot_ws/src/home_robot/install/home_robot/share/home_robot/scripts/ir_diagnose.py
[0.674s] -- Up-to-date symlink: /home/dimi/robot_ws/src/home_robot/install/home_robot/share/home_robot/scripts/localize_in_room.py
[0.674s] -- Up-to-date symlink: /home/dimi/robot_ws/src/home_robot/install/home_robot/share/home_robot/scripts/make_room_mask.py
[0.674s] -- Up-to-date symlink: /home/dimi/robot_ws/src/home_robot/install/home_robot/share/home_robot/scripts/map_clearance.py
[0.674s] -- Up-to-date symlink: /home/dimi/robot_ws/src/home_robot/install/home_robot/share/home_robot/scripts/map_downsample.py
[0.674s] -- Up-to-date symlink: /home/dimi/robot_ws/src/home_robot/install/home_robot/share/home_robot/scripts/map_session.sh
[0.674s] -- Up-to-date symlink: /home/dimi/robot_ws/src/home_robot/install/home_robot/share/home_robot/scripts/map_to_world.py
[0.674s] -- Up-to-date symlink: /home/dimi/robot_ws/src/home_robot/install/home_robot/share/home_robot/scripts/measure_camera_pitch.py
[0.674s] -- Up-to-date symlink: /home/dimi/robot_ws/src/home_robot/install/home_robot/share/home_robot/scripts/measure_person_distance.py
[0.674s] -- Up-to-date symlink: /home/dimi/robot_ws/src/home_robot/install/home_robot/share/home_robot/scripts/nerf_smoke_test.py
[0.674s] -- Up-to-date symlink: /home/dimi/robot_ws/src/home_robot/install/home_robot/share/home_robot/scripts/passive_arm_limits.py
[0.674s] -- Up-to-date symlink: /home/dimi/robot_ws/src/home_robot/install/home_robot/share/home_robot/scripts/path_block.py
[0.675s] -- Up-to-date symlink: /home/dimi/robot_ws/src/home_robot/install/home_robot/share/home_robot/scripts/ply_to_map.py
[0.675s] -- Up-to-date symlink: /home/dimi/robot_ws/src/home_robot/install/home_robot/share/home_robot/scripts/power-blackbox.service
[0.675s] -- Up-to-date symlink: /home/dimi/robot_ws/src/home_robot/install/home_robot/share/home_robot/scripts/power-smooth.service
[0.675s] -- Up-to-date symlink: /home/dimi/robot_ws/src/home_robot/install/home_robot/share/home_robot/scripts/power_blackbox.py
[0.675s] -- Up-to-date symlink: /home/dimi/robot_ws/src/home_robot/install/home_robot/share/home_robot/scripts/power_smooth.sh
[0.675s] -- Up-to-date symlink: /home/dimi/robot_ws/src/home_robot/install/home_robot/share/home_robot/scripts/power_smooth_sys.sh
[0.675s] -- Up-to-date symlink: /home/dimi/robot_ws/src/home_robot/install/home_robot/share/home_robot/scripts/preflight.sh
[0.675s] -- Up-to-date symlink: /home/dimi/robot_ws/src/home_robot/install/home_robot/share/home_robot/scripts/quantize_npu_models.sh
[0.675s] -- Up-to-date symlink: /home/dimi/robot_ws/src/home_robot/install/home_robot/share/home_robot/scripts/record_nav_test.sh
[0.675s] -- Up-to-date symlink: /home/dimi/robot_ws/src/home_robot/install/home_robot/share/home_robot/scripts/reset_rtabmap.sh
[0.675s] -- Up-to-date symlink: /home/dimi/robot_ws/src/home_robot/install/home_robot/share/home_robot/scripts/roomba_awake.py
[0.675s] -- Up-to-date symlink: /home/dimi/robot_ws/src/home_robot/install/home_robot/share/home_robot/scripts/roomba_keepalive.py
[0.675s] -- Up-to-date symlink: /home/dimi/robot_ws/src/home_robot/install/home_robot/share/home_robot/scripts/save_map.sh
[0.676s] -- Up-to-date symlink: /home/dimi/robot_ws/src/home_robot/install/home_robot/share/home_robot/scripts/sim_place_objects.py
[0.676s] -- Up-to-date symlink: /home/dimi/robot_ws/src/home_robot/install/home_robot/share/home_robot/scripts/straighten_map_display.py
[0.676s] -- Up-to-date symlink: /home/dimi/robot_ws/src/home_robot/install/home_robot/share/home_robot/scripts/switch_map_mode.sh
[0.676s] -- Up-to-date symlink: /home/dimi/robot_ws/src/home_robot/install/home_robot/share/home_robot/scripts/tidy_sim.py
[0.676s] -- Up-to-date symlink: /home/dimi/robot_ws/src/home_robot/install/home_robot/share/home_robot/scripts/tool_ab.py
[0.676s] -- Up-to-date symlink: /home/dimi/robot_ws/src/home_robot/install/home_robot/share/home_robot/scripts/tool_multi.py
[0.676s] -- Up-to-date symlink: /home/dimi/robot_ws/src/home_robot/install/home_robot/share/home_robot/scripts/tool_repeat.py
[0.676s] -- Up-to-date symlink: /home/dimi/robot_ws/src/home_robot/install/home_robot/share/home_robot/scripts/train_nerf.py
[0.676s] -- Up-to-date symlink: /home/dimi/robot_ws/src/home_robot/install/home_robot/share/home_robot/scripts/usb_power.sh
[0.676s] -- Up-to-date symlink: /home/dimi/robot_ws/src/home_robot/install/home_robot/share/home_robot/scripts/usdz_to_glb.py
[0.676s] -- Up-to-date symlink: /home/dimi/robot_ws/src/home_robot/install/home_robot/share/home_robot/scripts/vendor_easy_handeye2.sh
[0.676s] -- Up-to-date symlink: /home/dimi/robot_ws/src/home_robot/install/home_robot/share/home_robot/scripts/vendor_roarm_moveit.sh
[0.676s] -- Up-to-date symlink: /home/dimi/robot_ws/src/home_robot/install/home_robot/share/home_robot/firmware/bno085_imu/bno085_imu.ino
[0.676s] -- Up-to-date symlink: /home/dimi/robot_ws/src/home_robot/install/home_robot/share/home_robot/firmware/i2c_scan/i2c_scan.ino
[0.677s] -- Up-to-date symlink: /home/dimi/robot_ws/src/home_robot/install/home_robot/share/home_robot/maps/.gitkeep
[0.677s] -- Up-to-date symlink: /home/dimi/robot_ws/src/home_robot/install/home_robot/share/home_robot/maps/1.glb
[0.677s] -- Up-to-date symlink: /home/dimi/robot_ws/src/home_robot/install/home_robot/share/home_robot/maps/auto_20260818_2018.data
[0.677s] -- Up-to-date symlink: /home/dimi/robot_ws/src/home_robot/install/home_robot/share/home_robot/maps/auto_20260818_2018.posegraph
[0.677s] -- Up-to-date symlink: /home/dimi/robot_ws/src/home_robot/install/home_robot/share/home_robot/maps/d1.glb
[0.677s] -- Up-to-date symlink: /home/dimi/robot_ws/src/home_robot/install/home_robot/share/home_robot/maps/iphone_house.glb
[0.677s] -- Up-to-date symlink: /home/dimi/robot_ws/src/home_robot/install/home_robot/share/home_robot/maps/lukas.data
[0.677s] -- Up-to-date symlink: /home/dimi/robot_ws/src/home_robot/install/home_robot/share/home_robot/maps/lukas.posegraph
[0.677s] -- Up-to-date symlink: /home/dimi/robot_ws/src/home_robot/install/home_robot/share/home_robot/maps/room2.glb
[0.677s] -- Up-to-date symlink: /home/dimi/robot_ws/src/home_robot/install/home_robot/share/home_robot/maps/room2_doors.yaml
[0.677s] -- Up-to-date symlink: /home/dimi/robot_ws/src/home_robot/install/home_robot/share/home_robot/maps/room2_floorplan.jpg
[0.677s] -- Up-to-date symlink: /home/dimi/robot_ws/src/home_robot/install/home_robot/share/home_robot/maps/room2_floorplan.yaml
[0.677s] -- Up-to-date symlink: /home/dimi/robot_ws/src/home_robot/install/home_robot/share/home_robot/maps/room3.glb
[0.677s] -- Up-to-date symlink: /home/dimi/robot_ws/src/home_robot/install/home_robot/share/home_robot/maps/room4.data
[0.678s] -- Up-to-date symlink: /home/dimi/robot_ws/src/home_robot/install/home_robot/share/home_robot/maps/room4.glb
[0.678s] -- Up-to-date symlink: /home/dimi/robot_ws/src/home_robot/install/home_robot/share/home_robot/maps/room4.pgm
[0.678s] -- Up-to-date symlink: /home/dimi/robot_ws/src/home_robot/install/home_robot/share/home_robot/maps/room4.posegraph
[0.678s] -- Up-to-date symlink: /home/dimi/robot_ws/src/home_robot/install/home_robot/share/home_robot/maps/room4.yaml
[0.678s] -- Up-to-date symlink: /home/dimi/robot_ws/src/home_robot/install/home_robot/share/home_robot/maps/room4_room_colors.yaml
[0.678s] -- Up-to-date symlink: /home/dimi/robot_ws/src/home_robot/install/home_robot/share/home_robot/maps/room4_room_mask.png
[0.678s] -- Up-to-date symlink: /home/dimi/robot_ws/src/home_robot/install/home_robot/share/home_robot/maps/weights/clip/ViT-B-32.pt
[0.678s] -- Up-to-date symlink: /home/dimi/robot_ws/src/home_robot/install/home_robot/share/home_robot/maps/yolov8s-worldv2.pt
[0.678s] -- Up-to-date symlink: /home/dimi/robot_ws/src/home_robot/install/home_robot/share/home_robot/worlds/dimi.world
[0.678s] -- Up-to-date symlink: /home/dimi/robot_ws/src/home_robot/install/home_robot/share/home_robot/worlds/kela3.world
[0.678s] -- Up-to-date symlink: /home/dimi/robot_ws/src/home_robot/install/home_robot/share/home_robot/worlds/malou.world
[0.678s] -- Up-to-date symlink: /home/dimi/robot_ws/src/home_robot/install/home_robot/share/home_robot/worlds/malou2.world
[0.679s] -- Up-to-date symlink: /home/dimi/robot_ws/src/home_robot/install/home_robot/share/home_robot/worlds/malou2.world.objects.json
[0.679s] -- Up-to-date symlink: /home/dimi/robot_ws/src/home_robot/install/home_robot/share/home_robot/description/robot_sim.urdf.xacro
[0.679s] -- Up-to-date symlink: /home/dimi/robot_ws/src/home_robot/install/home_robot/share/ament_index/resource_index/package_run_dependencies/home_robot
[0.680s] -- Up-to-date symlink: /home/dimi/robot_ws/src/home_robot/install/home_robot/share/ament_index/resource_index/parent_prefix_path/home_robot
[0.681s] -- Up-to-date symlink: /home/dimi/robot_ws/src/home_robot/install/home_robot/share/home_robot/environment/ament_prefix_path.sh
[0.681s] -- Up-to-date symlink: /home/dimi/robot_ws/src/home_robot/install/home_robot/share/home_robot/environment/ament_prefix_path.dsv
[0.681s] -- Up-to-date symlink: /home/dimi/robot_ws/src/home_robot/install/home_robot/share/home_robot/environment/path.sh
[0.681s] -- Up-to-date symlink: /home/dimi/robot_ws/src/home_robot/install/home_robot/share/home_robot/environment/path.dsv
[0.681s] -- Up-to-date symlink: /home/dimi/robot_ws/src/home_robot/install/home_robot/share/home_robot/local_setup.bash
[0.681s] -- Up-to-date symlink: /home/dimi/robot_ws/src/home_robot/install/home_robot/share/home_robot/local_setup.sh
[0.681s] -- Up-to-date symlink: /home/dimi/robot_ws/src/home_robot/install/home_robot/share/home_robot/local_setup.zsh
[0.681s] -- Up-to-date symlink: /home/dimi/robot_ws/src/home_robot/install/home_robot/share/home_robot/local_setup.dsv
[0.681s] -- Symlinking: /home/dimi/robot_ws/src/home_robot/install/home_robot/share/home_robot/package.dsv
[0.693s] -- Up-to-date symlink: /home/dimi/robot_ws/src/home_robot/install/home_robot/share/ament_index/resource_index/packages/home_robot
[0.693s] -- Up-to-date symlink: /home/dimi/robot_ws/src/home_robot/install/home_robot/share/home_robot/cmake/home_robotConfig.cmake
[0.693s] -- Up-to-date symlink: /home/dimi/robot_ws/src/home_robot/install/home_robot/share/home_robot/cmake/home_robotConfig-version.cmake
[0.693s] -- Up-to-date symlink: /home/dimi/robot_ws/src/home_robot/install/home_robot/share/home_robot/package.xml
[0.747s] Listing '/home/dimi/robot_ws/src/home_robot/install/home_robot/lib/python3.12/site-packages/home_robot'...
[0.747s] Listing '/home/dimi/robot_ws/src/home_robot/install/home_robot/lib/python3.12/site-packages/home_robot/nodes'...
[0.747s] Compiling '/home/dimi/robot_ws/src/home_robot/install/home_robot/lib/python3.12/site-packages/home_robot/nodes/tts_node.py'...
[0.756s] Invoked command in '/home/dimi/robot_ws/src/home_robot/build/home_robot' returned '0': CMAKE_PREFIX_PATH=${CMAKE_PREFIX_PATH}:/home/dimi/robot_ws/install/easy_handeye2:/opt/ros/jazzy /usr/bin/cmake --install /home/dimi/robot_ws/src/home_robot/build/home_robot
